// Jest Snapshot v1, https://goo.gl/fbAQLP

exports[`Prueba en GifGridItem. 1. Title y URL obligatorios:  1`] = `
<div
  className="card animate__animated animate__zoomInDown"
>
  <img
    alt="Un titulo"
    src="https://localhost/algo.jpg"
  />
  <p>
    Un titulo
  </p>
</div>
`;
